2025-10-18 23:37:30.901: my pid: 208828
2025-10-18 23:37:30.901: model: model.general_recommender.SGL
2025-10-18 23:37:30.901: Dataset statistics:
Name: my_book_2class
The number of users: 600
The number of items: 2336
The number of ratings: 13930
Average actions of users: 23.22
Average actions of items: 5.96
The sparsity of the dataset: 99.006136%

The number of training: 13330
The number of validation: 0
The number of testing: 600
2025-10-18 23:37:30.901: NeuRec:[NeuRec]:
recommender=SGL
dataset=my_book_2class
file_column=UI
sep=','
gpu_id=0
gpu_mem=0.99
metric=["Precision", "Recall", "NDCG"]
top_k=[10]
test_thread=8
test_batch_size=128
seed=2021
start_testing_epoch=0

SGL:[hyperparameters]:
aug_type=ED
reg=1e-4
embed_size=64
n_layers=3
ssl_reg=0.1
ssl_ratio=0.1
ssl_temp=0.2
ssl_mode=both_side
lr=0.001
learner=adam
adj_type=pre
epochs=1000
batch_size=2048
num_negatives=1
param_init=xavier_uniform
stddev=0.01
verbose=1
stop_cnt=10
pretrain_flag=0
save_flag=0
2025-10-18 23:37:32.444: metrics:	Precision@10	Recall@10   	NDCG@10     
2025-10-18 23:37:33.331: [iter 1 : loss : 1.1808 = 0.6924 + 0.4884 + 0.0000, time: 0.885438]
2025-10-18 23:37:33.358: epoch 1:	0.00083333  	0.00833333  	0.00318087  
2025-10-18 23:37:33.359: Find a better model.
2025-10-18 23:37:33.609: [iter 2 : loss : 1.1724 = 0.6923 + 0.4801 + 0.0000, time: 0.249177]
2025-10-18 23:37:33.635: epoch 2:	0.00216667  	0.02166667  	0.00850973  
2025-10-18 23:37:33.636: Find a better model.
2025-10-18 23:37:33.885: [iter 3 : loss : 1.1639 = 0.6922 + 0.4717 + 0.0000, time: 0.248923]
2025-10-18 23:37:33.910: epoch 3:	0.00350000  	0.03500000  	0.01669949  
2025-10-18 23:37:33.910: Find a better model.
2025-10-18 23:37:34.162: [iter 4 : loss : 1.1570 = 0.6921 + 0.4648 + 0.0000, time: 0.250375]
2025-10-18 23:37:34.186: epoch 4:	0.00383333  	0.03833333  	0.01716099  
2025-10-18 23:37:34.187: Find a better model.
2025-10-18 23:37:34.439: [iter 5 : loss : 1.1524 = 0.6922 + 0.4602 + 0.0000, time: 0.251400]
2025-10-18 23:37:34.466: epoch 5:	0.00333333  	0.03333334  	0.01403011  
2025-10-18 23:37:34.716: [iter 6 : loss : 1.1502 = 0.6921 + 0.4581 + 0.0000, time: 0.249334]
2025-10-18 23:37:34.741: epoch 6:	0.00183333  	0.01833333  	0.00894654  
2025-10-18 23:37:35.021: [iter 7 : loss : 1.1487 = 0.6921 + 0.4566 + 0.0000, time: 0.278897]
2025-10-18 23:37:35.046: epoch 7:	0.00216667  	0.02166667  	0.01021830  
2025-10-18 23:37:35.317: [iter 8 : loss : 1.1474 = 0.6920 + 0.4553 + 0.0000, time: 0.270663]
2025-10-18 23:37:35.342: epoch 8:	0.00233333  	0.02333333  	0.01079239  
2025-10-18 23:37:35.601: [iter 9 : loss : 1.1464 = 0.6920 + 0.4544 + 0.0000, time: 0.258160]
2025-10-18 23:37:35.629: epoch 9:	0.00266667  	0.02666667  	0.01204532  
2025-10-18 23:37:35.999: [iter 10 : loss : 1.1456 = 0.6919 + 0.4536 + 0.0000, time: 0.368293]
2025-10-18 23:37:36.025: epoch 10:	0.00250000  	0.02500000  	0.01198286  
2025-10-18 23:37:36.287: [iter 11 : loss : 1.1446 = 0.6919 + 0.4527 + 0.0000, time: 0.260828]
2025-10-18 23:37:36.312: epoch 11:	0.00333333  	0.03333334  	0.01484841  
2025-10-18 23:37:36.572: [iter 12 : loss : 1.1438 = 0.6919 + 0.4519 + 0.0000, time: 0.258707]
2025-10-18 23:37:36.596: epoch 12:	0.00266667  	0.02666667  	0.01230457  
2025-10-18 23:37:36.863: [iter 13 : loss : 1.1447 = 0.6918 + 0.4529 + 0.0000, time: 0.265558]
2025-10-18 23:37:36.890: epoch 13:	0.00283333  	0.02833333  	0.01453742  
2025-10-18 23:37:37.155: [iter 14 : loss : 1.1431 = 0.6918 + 0.4513 + 0.0000, time: 0.264302]
2025-10-18 23:37:37.181: epoch 14:	0.00300000  	0.03000000  	0.01387691  
2025-10-18 23:37:37.182: Early stopping is trigger at epoch: 14
2025-10-18 23:37:37.182: best_result@epoch 4:

2025-10-18 23:37:37.182: 		0.0038      	0.0383      	0.0172      
