2025-10-18 21:37:18.763: my pid: 197051
2025-10-18 21:37:18.764: model: model.general_recommender.SGL
2025-10-18 21:37:18.764: Dataset statistics:
Name: my_book_2class
The number of users: 600
The number of items: 2336
The number of ratings: 13930
Average actions of users: 23.22
Average actions of items: 5.96
The sparsity of the dataset: 99.006136%

The number of training: 13330
The number of validation: 0
The number of testing: 600
2025-10-18 21:37:18.764: NeuRec:[NeuRec]:
recommender=SGL
dataset=my_book_2class
file_column=UI
sep=','
gpu_id=0
gpu_mem=0.99
metric=["Precision", "Recall", "NDCG"]
top_k=[20]
test_thread=8
test_batch_size=128
seed=2021
start_testing_epoch=0

SGL:[hyperparameters]:
aug_type=ED
reg=1e-4
embed_size=64
n_layers=3
ssl_reg=0.5
ssl_ratio=0.1
ssl_temp=0.2
ssl_mode=both_side
lr=0.001
learner=adam
adj_type=pre
epochs=1000
batch_size=2048
num_negatives=1
param_init=xavier_uniform
stddev=0.01
verbose=1
stop_cnt=10
pretrain_flag=0
save_flag=0

Command line:
recommender=SGL
dataset=my_book_2class
aug_type=ED
reg=1e-4
n_layers=3
ssl_reg=0.5
ssl_ratio=0.1
ssl_temp=0.2
2025-10-18 21:37:20.365: metrics:	Precision@20	Recall@20   	NDCG@20     
2025-10-18 21:37:21.520: [iter 1 : loss : 3.1345 = 0.6924 + 2.4421 + 0.0000, time: 1.151065]
2025-10-18 21:37:21.555: epoch 1:	0.00058333  	0.01166667  	0.00393412  
2025-10-18 21:37:21.555: Find a better model.
2025-10-18 21:37:21.799: [iter 2 : loss : 3.0928 = 0.6923 + 2.4005 + 0.0000, time: 0.242805]
2025-10-18 21:37:21.827: epoch 2:	0.00166667  	0.03333334  	0.01126767  
2025-10-18 21:37:21.827: Find a better model.
2025-10-18 21:37:22.077: [iter 3 : loss : 3.0507 = 0.6923 + 2.3584 + 0.0000, time: 0.249083]
2025-10-18 21:37:22.106: epoch 3:	0.00225000  	0.04500000  	0.01924474  
2025-10-18 21:37:22.106: Find a better model.
2025-10-18 21:37:22.387: [iter 4 : loss : 3.0163 = 0.6922 + 2.3241 + 0.0000, time: 0.280101]
2025-10-18 21:37:22.413: epoch 4:	0.00241667  	0.04833333  	0.01947138  
2025-10-18 21:37:22.414: Find a better model.
2025-10-18 21:37:22.661: [iter 5 : loss : 2.9932 = 0.6922 + 2.3010 + 0.0000, time: 0.246614]
2025-10-18 21:37:22.689: epoch 5:	0.00241667  	0.04833333  	0.01751690  
2025-10-18 21:37:22.930: [iter 6 : loss : 2.9826 = 0.6922 + 2.2904 + 0.0000, time: 0.239890]
2025-10-18 21:37:22.952: epoch 6:	0.00233333  	0.04666667  	0.01606331  
2025-10-18 21:37:23.182: [iter 7 : loss : 2.9752 = 0.6922 + 2.2830 + 0.0000, time: 0.228620]
2025-10-18 21:37:23.206: epoch 7:	0.00233333  	0.04666667  	0.01625641  
2025-10-18 21:37:23.465: [iter 8 : loss : 2.9689 = 0.6922 + 2.2767 + 0.0000, time: 0.257656]
2025-10-18 21:37:23.488: epoch 8:	0.00241667  	0.04833333  	0.01644026  
2025-10-18 21:37:23.736: [iter 9 : loss : 2.9640 = 0.6921 + 2.2718 + 0.0000, time: 0.246588]
2025-10-18 21:37:23.764: epoch 9:	0.00266667  	0.05333333  	0.01854876  
2025-10-18 21:37:23.765: Find a better model.
2025-10-18 21:37:24.108: [iter 10 : loss : 2.9601 = 0.6921 + 2.2679 + 0.0000, time: 0.341953]
2025-10-18 21:37:24.128: epoch 10:	0.00241667  	0.04833333  	0.01732872  
2025-10-18 21:37:24.340: [iter 11 : loss : 2.9553 = 0.6921 + 2.2632 + 0.0000, time: 0.211443]
2025-10-18 21:37:24.365: epoch 11:	0.00233333  	0.04666667  	0.01731728  
2025-10-18 21:37:24.625: [iter 12 : loss : 2.9515 = 0.6921 + 2.2594 + 0.0000, time: 0.258838]
2025-10-18 21:37:24.650: epoch 12:	0.00216667  	0.04333333  	0.01619675  
2025-10-18 21:37:24.911: [iter 13 : loss : 2.9564 = 0.6920 + 2.2643 + 0.0000, time: 0.259759]
2025-10-18 21:37:24.937: epoch 13:	0.00216667  	0.04333333  	0.01734146  
2025-10-18 21:37:25.212: [iter 14 : loss : 2.9482 = 0.6920 + 2.2561 + 0.0000, time: 0.273499]
2025-10-18 21:37:25.240: epoch 14:	0.00208333  	0.04166667  	0.01745626  
2025-10-18 21:37:25.499: [iter 15 : loss : 2.9466 = 0.6920 + 2.2545 + 0.0000, time: 0.258294]
2025-10-18 21:37:25.529: epoch 15:	0.00200000  	0.04000000  	0.01703887  
2025-10-18 21:37:25.783: [iter 16 : loss : 2.9456 = 0.6920 + 2.2536 + 0.0000, time: 0.253067]
2025-10-18 21:37:25.809: epoch 16:	0.00208333  	0.04166667  	0.01758169  
2025-10-18 21:37:26.065: [iter 17 : loss : 2.9419 = 0.6920 + 2.2499 + 0.0000, time: 0.254668]
2025-10-18 21:37:26.094: epoch 17:	0.00208333  	0.04166667  	0.01743674  
2025-10-18 21:37:26.352: [iter 18 : loss : 2.9395 = 0.6920 + 2.2475 + 0.0000, time: 0.257595]
2025-10-18 21:37:26.379: epoch 18:	0.00225000  	0.04500000  	0.01834652  
2025-10-18 21:37:26.648: [iter 19 : loss : 2.9443 = 0.6920 + 2.2524 + 0.0000, time: 0.268059]
2025-10-18 21:37:26.676: epoch 19:	0.00225000  	0.04500000  	0.01897053  
2025-10-18 21:37:26.676: Early stopping is trigger at epoch: 19
2025-10-18 21:37:26.676: best_result@epoch 9:

2025-10-18 21:37:26.676: 		0.0027      	0.0533      	0.0185      
