2025-10-18 23:14:36.554: my pid: 205628
2025-10-18 23:14:36.554: model: model.general_recommender.SGL
2025-10-18 23:14:36.555: Dataset statistics:
Name: my_book_2class
The number of users: 600
The number of items: 2336
The number of ratings: 13930
Average actions of users: 23.22
Average actions of items: 5.96
The sparsity of the dataset: 99.006136%

The number of training: 13330
The number of validation: 0
The number of testing: 600
2025-10-18 23:14:36.555: NeuRec:[NeuRec]:
recommender=SGL
dataset=my_book_2class
file_column=UI
sep=','
gpu_id=0
gpu_mem=0.99
metric=["Precision", "Recall", "NDCG"]
top_k=[10]
test_thread=8
test_batch_size=128
seed=2021
start_testing_epoch=0

SGL:[hyperparameters]:
aug_type=ED
reg=1e-4
embed_size=64
n_layers=3
ssl_reg=0.1
ssl_ratio=0.1
ssl_temp=0.2
ssl_mode=both_side
lr=0.001
learner=adam
adj_type=pre
epochs=1000
batch_size=2048
num_negatives=1
param_init=xavier_uniform
stddev=0.01
verbose=1
stop_cnt=10
pretrain_flag=0
save_flag=0
2025-10-18 23:14:37.856: metrics:	Precision@10	Recall@10   	NDCG@10     
2025-10-18 23:14:38.846: [iter 1 : loss : 1.1808 = 0.6924 + 0.4884 + 0.0000, time: 0.988086]
2025-10-18 23:14:38.876: epoch 1:	0.00083333  	0.00833333  	0.00318087  
2025-10-18 23:14:38.877: Find a better model.
2025-10-18 23:14:39.130: [iter 2 : loss : 1.1724 = 0.6923 + 0.4801 + 0.0000, time: 0.252000]
2025-10-18 23:14:39.154: epoch 2:	0.00216667  	0.02166667  	0.00850973  
2025-10-18 23:14:39.154: Find a better model.
2025-10-18 23:14:39.424: [iter 3 : loss : 1.1639 = 0.6922 + 0.4717 + 0.0000, time: 0.268716]
2025-10-18 23:14:39.448: epoch 3:	0.00350000  	0.03500000  	0.01669949  
2025-10-18 23:14:39.449: Find a better model.
2025-10-18 23:14:39.696: [iter 4 : loss : 1.1570 = 0.6921 + 0.4648 + 0.0000, time: 0.246436]
2025-10-18 23:14:39.719: epoch 4:	0.00383333  	0.03833333  	0.01716099  
2025-10-18 23:14:39.719: Find a better model.
2025-10-18 23:14:39.990: [iter 5 : loss : 1.1524 = 0.6922 + 0.4602 + 0.0000, time: 0.269891]
2025-10-18 23:14:40.015: epoch 5:	0.00333333  	0.03333334  	0.01403011  
2025-10-18 23:14:40.277: [iter 6 : loss : 1.1502 = 0.6921 + 0.4581 + 0.0000, time: 0.260335]
2025-10-18 23:14:40.301: epoch 6:	0.00183333  	0.01833333  	0.00894654  
2025-10-18 23:14:40.565: [iter 7 : loss : 1.1487 = 0.6921 + 0.4566 + 0.0000, time: 0.262853]
2025-10-18 23:14:40.587: epoch 7:	0.00216667  	0.02166667  	0.01021830  
2025-10-18 23:14:40.866: [iter 8 : loss : 1.1474 = 0.6920 + 0.4553 + 0.0000, time: 0.277961]
2025-10-18 23:14:40.892: epoch 8:	0.00233333  	0.02333333  	0.01079239  
2025-10-18 23:14:41.150: [iter 9 : loss : 1.1464 = 0.6920 + 0.4544 + 0.0000, time: 0.257435]
2025-10-18 23:14:41.174: epoch 9:	0.00266667  	0.02666667  	0.01204532  
2025-10-18 23:14:41.556: [iter 10 : loss : 1.1456 = 0.6919 + 0.4536 + 0.0000, time: 0.381810]
2025-10-18 23:14:41.571: epoch 10:	0.00250000  	0.02500000  	0.01198286  
2025-10-18 23:14:41.808: [iter 11 : loss : 1.1446 = 0.6919 + 0.4527 + 0.0000, time: 0.236197]
2025-10-18 23:14:41.834: epoch 11:	0.00333333  	0.03333334  	0.01484841  
2025-10-18 23:14:42.100: [iter 12 : loss : 1.1438 = 0.6919 + 0.4519 + 0.0000, time: 0.265482]
2025-10-18 23:14:42.125: epoch 12:	0.00266667  	0.02666667  	0.01230457  
2025-10-18 23:14:42.384: [iter 13 : loss : 1.1447 = 0.6918 + 0.4529 + 0.0000, time: 0.258192]
2025-10-18 23:14:42.407: epoch 13:	0.00283333  	0.02833333  	0.01453742  
2025-10-18 23:14:42.671: [iter 14 : loss : 1.1431 = 0.6918 + 0.4513 + 0.0000, time: 0.263290]
2025-10-18 23:14:42.699: epoch 14:	0.00300000  	0.03000000  	0.01387691  
2025-10-18 23:14:42.699: Early stopping is trigger at epoch: 14
2025-10-18 23:14:42.699: best_result@epoch 4:

2025-10-18 23:14:42.699: 		0.0038      	0.0383      	0.0172      
