2025-10-12 17:29:23.183: my pid: 423816
2025-10-12 17:29:23.183: model: model.general_recommender.SGL
2025-10-12 17:29:23.183: Dataset statistics:
Name: my_book
The number of users: 600
The number of items: 25476
The number of ratings: 31856
Average actions of users: 53.09
Average actions of items: 1.25
The sparsity of the dataset: 99.791595%

The number of training: 31256
The number of validation: 0
The number of testing: 600
2025-10-12 17:29:23.183: NeuRec:[NeuRec]:
recommender=SGL
dataset=my_book
file_column=UI
sep=','
gpu_id=0
gpu_mem=0.99
metric=["Precision", "Recall", "NDCG"]
top_k=[20]
test_thread=8
test_batch_size=128
seed=2021
start_testing_epoch=0

SGL:[hyperparameters]:
aug_type=ED
reg=1e-4
embed_size=64
n_layers=3
ssl_reg=0.4
ssl_ratio=0.1
ssl_temp=0.2
ssl_mode=both_side
lr=0.001
learner=adam
adj_type=pre
epochs=1000
batch_size=2048
num_negatives=1
param_init=xavier_uniform
stddev=0.01
verbose=1
stop_cnt=10
pretrain_flag=0
save_flag=0

Command line:
recommender=SGL
dataset=my_book
aug_type=ED
reg=1e-4
n_layers=3
ssl_reg=0.4
ssl_ratio=0.1
ssl_temp=0.2
2025-10-12 17:29:24.796: metrics:	Precision@20	Recall@20   	NDCG@20     
2025-10-12 17:29:26.320: [iter 1 : loss : 3.6869 = 0.6904 + 2.9966 + 0.0000, time: 1.520999]
2025-10-12 17:29:26.466: epoch 1:	0.00008333  	0.00166667  	0.00038563  
2025-10-12 17:29:26.466: Find a better model.
2025-10-12 17:29:27.017: [iter 2 : loss : 3.6487 = 0.6906 + 2.9581 + 0.0000, time: 0.549330]
2025-10-12 17:29:27.076: epoch 2:	0.00000000  	0.00000000  	0.00000000  
2025-10-12 17:29:27.645: [iter 3 : loss : 3.6193 = 0.6906 + 2.9287 + 0.0000, time: 0.566922]
2025-10-12 17:29:27.742: epoch 3:	0.00000000  	0.00000000  	0.00000000  
2025-10-12 17:29:28.339: [iter 4 : loss : 3.5934 = 0.6904 + 2.9030 + 0.0000, time: 0.596329]
2025-10-12 17:29:28.392: epoch 4:	0.00016667  	0.00333333  	0.00084436  
2025-10-12 17:29:28.392: Find a better model.
2025-10-12 17:29:29.006: [iter 5 : loss : 3.5767 = 0.6900 + 2.8867 + 0.0000, time: 0.612331]
2025-10-12 17:29:29.109: epoch 5:	0.00016667  	0.00333333  	0.00082442  
2025-10-12 17:29:29.753: [iter 6 : loss : 3.5661 = 0.6897 + 2.8765 + 0.0000, time: 0.642976]
2025-10-12 17:29:29.881: epoch 6:	0.00008333  	0.00166667  	0.00043775  
2025-10-12 17:29:30.544: [iter 7 : loss : 3.5577 = 0.6893 + 2.8685 + 0.0000, time: 0.660819]
2025-10-12 17:29:30.603: epoch 7:	0.00000000  	0.00000000  	0.00000000  
2025-10-12 17:29:31.256: [iter 8 : loss : 3.5537 = 0.6889 + 2.8648 + 0.0000, time: 0.651966]
2025-10-12 17:29:31.337: epoch 8:	0.00000000  	0.00000000  	0.00000000  
2025-10-12 17:29:32.021: [iter 9 : loss : 3.5482 = 0.6884 + 2.8598 + 0.0000, time: 0.681963]
2025-10-12 17:29:32.116: epoch 9:	0.00000000  	0.00000000  	0.00000000  
2025-10-12 17:29:32.735: [iter 10 : loss : 3.5453 = 0.6879 + 2.8574 + 0.0000, time: 0.616553]
2025-10-12 17:29:32.832: epoch 10:	0.00000000  	0.00000000  	0.00000000  
2025-10-12 17:29:33.426: [iter 11 : loss : 3.5439 = 0.6875 + 2.8564 + 0.0000, time: 0.591388]
2025-10-12 17:29:33.523: epoch 11:	0.00000000  	0.00000000  	0.00000000  
2025-10-12 17:29:34.138: [iter 12 : loss : 3.5405 = 0.6870 + 2.8534 + 0.0000, time: 0.612453]
2025-10-12 17:29:34.263: epoch 12:	0.00000000  	0.00000000  	0.00000000  
2025-10-12 17:29:34.875: [iter 13 : loss : 3.5394 = 0.6865 + 2.8529 + 0.0000, time: 0.609696]
2025-10-12 17:29:34.936: epoch 13:	0.00000000  	0.00000000  	0.00000000  
2025-10-12 17:29:35.651: [iter 14 : loss : 3.5370 = 0.6861 + 2.8509 + 0.0000, time: 0.713226]
2025-10-12 17:29:35.713: epoch 14:	0.00000000  	0.00000000  	0.00000000  
2025-10-12 17:29:35.713: Early stopping is trigger at epoch: 14
2025-10-12 17:29:35.713: best_result@epoch 4:

2025-10-12 17:29:35.714: 		0.0002      	0.0033      	0.0008      
