2025-10-12 17:17:34.812: my pid: 420413
2025-10-12 17:17:34.812: model: model.general_recommender.SGL
2025-10-12 17:17:34.812: Dataset statistics:
Name: my_book
The number of users: 600
The number of items: 25476
The number of ratings: 31856
Average actions of users: 53.09
Average actions of items: 1.25
The sparsity of the dataset: 99.791595%

The number of training: 31256
The number of validation: 0
The number of testing: 600
2025-10-12 17:17:34.812: NeuRec:[NeuRec]:
recommender=SGL
dataset=my_book
file_column=UI
sep=','
gpu_id=0
gpu_mem=0.99
metric=["Precision", "Recall", "NDCG"]
top_k=[20]
test_thread=8
test_batch_size=128
seed=2021
start_testing_epoch=0

SGL:[hyperparameters]:
aug_type=ED
reg=1e-4
embed_size=64
n_layers=3
ssl_reg=0.5
ssl_ratio=0.1
ssl_temp=0.2
ssl_mode=both_side
lr=0.001
learner=adam
adj_type=pre
epochs=1000
batch_size=2048
num_negatives=1
param_init=xavier_uniform
stddev=0.01
verbose=1
stop_cnt=10
pretrain_flag=0
save_flag=0

Command line:
recommender=SGL
dataset=my_book
aug_type=ED
reg=1e-4
n_layers=3
ssl_reg=0.5
ssl_ratio=0.1
ssl_temp=0.2
2025-10-12 17:17:36.492: metrics:	Precision@20	Recall@20   	NDCG@20     
2025-10-12 17:17:37.821: [iter 1 : loss : 4.4362 = 0.6904 + 3.7459 + 0.0000, time: 1.324922]
2025-10-12 17:17:37.973: epoch 1:	0.00008333  	0.00166667  	0.00038563  
2025-10-12 17:17:37.973: Find a better model.
2025-10-12 17:17:38.571: [iter 2 : loss : 4.3886 = 0.6906 + 3.6979 + 0.0000, time: 0.597568]
2025-10-12 17:17:38.628: epoch 2:	0.00000000  	0.00000000  	0.00000000  
2025-10-12 17:17:39.262: [iter 3 : loss : 4.3516 = 0.6907 + 3.6610 + 0.0000, time: 0.631695]
2025-10-12 17:17:39.326: epoch 3:	0.00000000  	0.00000000  	0.00000000  
2025-10-12 17:17:40.079: [iter 4 : loss : 4.3191 = 0.6905 + 3.6287 + 0.0000, time: 0.751566]
2025-10-12 17:17:40.146: epoch 4:	0.00016667  	0.00333333  	0.00086459  
2025-10-12 17:17:40.146: Find a better model.
2025-10-12 17:17:40.830: [iter 5 : loss : 4.2983 = 0.6902 + 3.6081 + 0.0000, time: 0.682838]
2025-10-12 17:17:40.896: epoch 5:	0.00025000  	0.00500000  	0.00121998  
2025-10-12 17:17:40.897: Find a better model.
2025-10-12 17:17:41.525: [iter 6 : loss : 4.2851 = 0.6898 + 3.5953 + 0.0000, time: 0.626564]
2025-10-12 17:17:41.587: epoch 6:	0.00008333  	0.00166667  	0.00043775  
2025-10-12 17:17:42.230: [iter 7 : loss : 4.2748 = 0.6894 + 3.5853 + 0.0000, time: 0.641023]
2025-10-12 17:17:42.289: epoch 7:	0.00000000  	0.00000000  	0.00000000  
2025-10-12 17:17:42.937: [iter 8 : loss : 4.2698 = 0.6891 + 3.5807 + 0.0000, time: 0.646315]
2025-10-12 17:17:42.997: epoch 8:	0.00000000  	0.00000000  	0.00000000  
2025-10-12 17:17:43.692: [iter 9 : loss : 4.2631 = 0.6887 + 3.5744 + 0.0000, time: 0.693291]
2025-10-12 17:17:43.753: epoch 9:	0.00000000  	0.00000000  	0.00000000  
2025-10-12 17:17:44.420: [iter 10 : loss : 4.2596 = 0.6882 + 3.5714 + 0.0000, time: 0.665648]
2025-10-12 17:17:44.480: epoch 10:	0.00000000  	0.00000000  	0.00000000  
2025-10-12 17:17:45.111: [iter 11 : loss : 4.2581 = 0.6879 + 3.5702 + 0.0000, time: 0.628838]
2025-10-12 17:17:45.188: epoch 11:	0.00000000  	0.00000000  	0.00000000  
2025-10-12 17:17:45.830: [iter 12 : loss : 4.2539 = 0.6875 + 3.5664 + 0.0000, time: 0.639373]
2025-10-12 17:17:45.953: epoch 12:	0.00000000  	0.00000000  	0.00000000  
2025-10-12 17:17:46.562: [iter 13 : loss : 4.2529 = 0.6871 + 3.5658 + 0.0000, time: 0.606756]
2025-10-12 17:17:46.634: epoch 13:	0.00000000  	0.00000000  	0.00000000  
2025-10-12 17:17:47.323: [iter 14 : loss : 4.2500 = 0.6868 + 3.5632 + 0.0000, time: 0.686243]
2025-10-12 17:17:47.406: epoch 14:	0.00000000  	0.00000000  	0.00000000  
2025-10-12 17:17:48.053: [iter 15 : loss : 4.2499 = 0.6864 + 3.5635 + 0.0000, time: 0.645002]
2025-10-12 17:17:48.151: epoch 15:	0.00000000  	0.00000000  	0.00000000  
2025-10-12 17:17:48.152: Early stopping is trigger at epoch: 15
2025-10-12 17:17:48.152: best_result@epoch 5:

2025-10-12 17:17:48.152: 		0.0003      	0.0050      	0.0012      
