2025-10-12 17:28:51.388: my pid: 423246
2025-10-12 17:28:51.388: model: model.general_recommender.SGL
2025-10-12 17:28:51.388: Dataset statistics:
Name: my_book
The number of users: 600
The number of items: 25476
The number of ratings: 31856
Average actions of users: 53.09
Average actions of items: 1.25
The sparsity of the dataset: 99.791595%

The number of training: 31256
The number of validation: 0
The number of testing: 600
2025-10-12 17:28:51.388: NeuRec:[NeuRec]:
recommender=SGL
dataset=my_book
file_column=UI
sep=','
gpu_id=0
gpu_mem=0.99
metric=["Precision", "Recall", "NDCG"]
top_k=[20]
test_thread=8
test_batch_size=128
seed=2021
start_testing_epoch=0

SGL:[hyperparameters]:
aug_type=ED
reg=1e-4
embed_size=64
n_layers=3
ssl_reg=0.1
ssl_ratio=0.1
ssl_temp=0.2
ssl_mode=both_side
lr=0.001
learner=adam
adj_type=pre
epochs=1000
batch_size=2048
num_negatives=1
param_init=xavier_uniform
stddev=0.01
verbose=1
stop_cnt=10
pretrain_flag=0
save_flag=0

Command line:
recommender=SGL
dataset=my_book
aug_type=ED
reg=1e-4
n_layers=3
ssl_reg=0.1
ssl_ratio=0.1
ssl_temp=0.2
2025-10-12 17:28:52.588: metrics:	Precision@20	Recall@20   	NDCG@20     
2025-10-12 17:28:53.820: [iter 1 : loss : 1.4389 = 0.6902 + 0.7487 + 0.0000, time: 1.228705]
2025-10-12 17:28:53.960: epoch 1:	0.00000000  	0.00000000  	0.00000000  
2025-10-12 17:28:54.547: [iter 2 : loss : 1.4284 = 0.6899 + 0.7384 + 0.0000, time: 0.585482]
2025-10-12 17:28:54.642: epoch 2:	0.00000000  	0.00000000  	0.00000000  
2025-10-12 17:28:55.266: [iter 3 : loss : 1.4207 = 0.6894 + 0.7314 + 0.0000, time: 0.622018]
2025-10-12 17:28:55.408: epoch 3:	0.00000000  	0.00000000  	0.00000000  
2025-10-12 17:28:56.128: [iter 4 : loss : 1.4141 = 0.6885 + 0.7256 + 0.0000, time: 0.718534]
2025-10-12 17:28:56.186: epoch 4:	0.00000000  	0.00000000  	0.00000000  
2025-10-12 17:28:56.833: [iter 5 : loss : 1.4091 = 0.6872 + 0.7219 + 0.0000, time: 0.645076]
2025-10-12 17:28:56.917: epoch 5:	0.00000000  	0.00000000  	0.00000000  
2025-10-12 17:28:57.546: [iter 6 : loss : 1.4053 = 0.6856 + 0.7197 + 0.0000, time: 0.627463]
2025-10-12 17:28:57.670: epoch 6:	0.00000000  	0.00000000  	0.00000000  
2025-10-12 17:28:58.323: [iter 7 : loss : 1.4014 = 0.6835 + 0.7179 + 0.0000, time: 0.650667]
2025-10-12 17:28:58.399: epoch 7:	0.00000000  	0.00000000  	0.00000000  
2025-10-12 17:28:59.014: [iter 8 : loss : 1.3984 = 0.6811 + 0.7172 + 0.0000, time: 0.613378]
2025-10-12 17:28:59.078: epoch 8:	0.00000000  	0.00000000  	0.00000000  
2025-10-12 17:28:59.771: [iter 9 : loss : 1.3939 = 0.6777 + 0.7162 + 0.0000, time: 0.691245]
2025-10-12 17:28:59.847: epoch 9:	0.00000000  	0.00000000  	0.00000000  
2025-10-12 17:29:00.432: [iter 10 : loss : 1.3891 = 0.6733 + 0.7157 + 0.0000, time: 0.582888]
2025-10-12 17:29:00.476: epoch 10:	0.00000000  	0.00000000  	0.00000000  
2025-10-12 17:29:00.477: Early stopping is trigger at epoch: 10
2025-10-12 17:29:00.477: best_result@epoch 0:

2025-10-12 17:29:00.477: 		0.0000      	0.0000      
