2025-10-12 17:30:09.766: my pid: 424575
2025-10-12 17:30:09.766: model: model.general_recommender.SGL
2025-10-12 17:30:09.766: Dataset statistics:
Name: my_book
The number of users: 600
The number of items: 25476
The number of ratings: 31856
Average actions of users: 53.09
Average actions of items: 1.25
The sparsity of the dataset: 99.791595%

The number of training: 31256
The number of validation: 0
The number of testing: 600
2025-10-12 17:30:09.767: NeuRec:[NeuRec]:
recommender=SGL
dataset=my_book
file_column=UI
sep=','
gpu_id=0
gpu_mem=0.99
metric=["Precision", "Recall", "NDCG"]
top_k=[20]
test_thread=8
test_batch_size=128
seed=2021
start_testing_epoch=0

SGL:[hyperparameters]:
aug_type=ED
reg=1e-4
embed_size=64
n_layers=3
ssl_reg=0.7
ssl_ratio=0.1
ssl_temp=0.2
ssl_mode=both_side
lr=0.001
learner=adam
adj_type=pre
epochs=1000
batch_size=2048
num_negatives=1
param_init=xavier_uniform
stddev=0.01
verbose=1
stop_cnt=10
pretrain_flag=0
save_flag=0

Command line:
recommender=SGL
dataset=my_book
aug_type=ED
reg=1e-4
n_layers=3
ssl_reg=0.7
ssl_ratio=0.1
ssl_temp=0.2
2025-10-12 17:30:11.285: metrics:	Precision@20	Recall@20   	NDCG@20     
2025-10-12 17:30:12.744: [iter 1 : loss : 5.9349 = 0.6904 + 5.2445 + 0.0000, time: 1.455700]
2025-10-12 17:30:12.897: epoch 1:	0.00008333  	0.00166667  	0.00039969  
2025-10-12 17:30:12.897: Find a better model.
2025-10-12 17:30:13.550: [iter 2 : loss : 5.8683 = 0.6907 + 5.1776 + 0.0000, time: 0.650655]
2025-10-12 17:30:13.627: epoch 2:	0.00000000  	0.00000000  	0.00000000  
2025-10-12 17:30:14.267: [iter 3 : loss : 5.8163 = 0.6907 + 5.1256 + 0.0000, time: 0.638288]
2025-10-12 17:30:14.391: epoch 3:	0.00000000  	0.00000000  	0.00000000  
2025-10-12 17:30:15.160: [iter 4 : loss : 5.7705 = 0.6906 + 5.0799 + 0.0000, time: 0.767418]
2025-10-12 17:30:15.216: epoch 4:	0.00016667  	0.00333333  	0.00086459  
2025-10-12 17:30:15.216: Find a better model.
2025-10-12 17:30:15.861: [iter 5 : loss : 5.7411 = 0.6903 + 5.0509 + 0.0000, time: 0.643630]
2025-10-12 17:30:15.979: epoch 5:	0.00025000  	0.00500000  	0.00123404  
2025-10-12 17:30:15.979: Find a better model.
2025-10-12 17:30:16.580: [iter 6 : loss : 5.7228 = 0.6900 + 5.0329 + 0.0000, time: 0.599192]
2025-10-12 17:30:16.685: epoch 6:	0.00008333  	0.00166667  	0.00042660  
2025-10-12 17:30:17.304: [iter 7 : loss : 5.7086 = 0.6896 + 5.0190 + 0.0000, time: 0.617217]
2025-10-12 17:30:17.405: epoch 7:	0.00008333  	0.00166667  	0.00037945  
2025-10-12 17:30:17.960: [iter 8 : loss : 5.7017 = 0.6893 + 5.0125 + 0.0000, time: 0.552744]
2025-10-12 17:30:18.034: epoch 8:	0.00000000  	0.00000000  	0.00000000  
2025-10-12 17:30:18.750: [iter 9 : loss : 5.6926 = 0.6889 + 5.0037 + 0.0000, time: 0.709180]
2025-10-12 17:30:18.851: epoch 9:	0.00000000  	0.00000000  	0.00000000  
2025-10-12 17:30:19.515: [iter 10 : loss : 5.6880 = 0.6886 + 4.9995 + 0.0000, time: 0.661241]
2025-10-12 17:30:19.626: epoch 10:	0.00000000  	0.00000000  	0.00000000  
2025-10-12 17:30:20.271: [iter 11 : loss : 5.6861 = 0.6883 + 4.9978 + 0.0000, time: 0.643292]
2025-10-12 17:30:20.364: epoch 11:	0.00000000  	0.00000000  	0.00000000  
2025-10-12 17:30:21.017: [iter 12 : loss : 5.6805 = 0.6880 + 4.9925 + 0.0000, time: 0.650197]
2025-10-12 17:30:21.159: epoch 12:	0.00000000  	0.00000000  	0.00000000  
2025-10-12 17:30:21.798: [iter 13 : loss : 5.6792 = 0.6876 + 4.9916 + 0.0000, time: 0.637466]
2025-10-12 17:30:21.862: epoch 13:	0.00000000  	0.00000000  	0.00000000  
2025-10-12 17:30:22.611: [iter 14 : loss : 5.6753 = 0.6874 + 4.9879 + 0.0000, time: 0.746704]
2025-10-12 17:30:22.680: epoch 14:	0.00000000  	0.00000000  	0.00000000  
2025-10-12 17:30:23.322: [iter 15 : loss : 5.6755 = 0.6871 + 4.9884 + 0.0000, time: 0.640907]
2025-10-12 17:30:23.382: epoch 15:	0.00000000  	0.00000000  	0.00000000  
2025-10-12 17:30:23.382: Early stopping is trigger at epoch: 15
2025-10-12 17:30:23.382: best_result@epoch 5:

2025-10-12 17:30:23.383: 		0.0003      	0.0050      	0.0012      
