2025-10-11 12:33:26.091: my pid: 176565
2025-10-11 12:33:26.091: model: model.general_recommender.SGL
2025-10-11 12:33:26.091: Dataset statistics:
Name: amazon-book
The number of users: 52643
The number of items: 91599
The number of ratings: 2984108
Average actions of users: 56.69
Average actions of items: 32.58
The sparsity of the dataset: 99.938115%

The number of training: 2380730
The number of validation: 0
The number of testing: 603378
2025-10-11 12:33:26.091: NeuRec:[NeuRec]:
recommender=SGL
dataset=amazon-book
file_column=UI
sep=','
gpu_id=0
gpu_mem=0.99
metric=["Precision", "Recall", "NDCG"]
top_k=[20]
test_thread=8
test_batch_size=128
seed=2021
start_testing_epoch=0

SGL:[hyperparameters]:
aug_type=ED
reg=1e-4
embed_size=64
n_layers=3
ssl_reg=0.5
ssl_ratio=0.1
ssl_temp=0.2
ssl_mode=both_side
lr=0.001
learner=adam
adj_type=pre
epochs=1000
batch_size=2048
num_negatives=1
param_init=xavier_uniform
stddev=0.01
verbose=1
stop_cnt=10
pretrain_flag=0
save_flag=0

Command line:
recommender=SGL
dataset=amazon-book
aug_type=ED
reg=1e-4
n_layers=3
ssl_reg=0.5
ssl_ratio=0.1
ssl_temp=0.2
2025-10-11 12:33:35.966: metrics:	Precision@20	Recall@20   	NDCG@20     
2025-10-11 12:35:47.419: [iter 1 : loss : 7.0308 = 0.6931 + 6.3377 + 0.0000, time: 131.450986]
2025-10-11 12:36:28.165: epoch 1:	0.00223601  	0.00456287  	0.00384498  
2025-10-11 12:36:28.166: Find a better model.
2025-10-11 12:38:39.363: [iter 2 : loss : 7.0206 = 0.6929 + 6.3278 + 0.0000, time: 131.127708]
2025-10-11 12:38:53.211: epoch 2:	0.00283160  	0.00598252  	0.00493905  
2025-10-11 12:38:53.212: Find a better model.
2025-10-11 12:41:04.145: [iter 3 : loss : 7.0193 = 0.6927 + 6.3267 + 0.0000, time: 130.829129]
2025-10-11 12:41:30.499: epoch 3:	0.00311277  	0.00668845  	0.00545363  
2025-10-11 12:41:30.500: Find a better model.
2025-10-11 12:43:41.300: [iter 4 : loss : 7.0185 = 0.6923 + 6.3262 + 0.0000, time: 130.711878]
2025-10-11 12:44:26.619: epoch 4:	0.00296174  	0.00648869  	0.00512595  
2025-10-11 12:46:35.960: [iter 5 : loss : 7.0176 = 0.6917 + 6.3259 + 0.0000, time: 129.227536]
2025-10-11 12:47:24.558: epoch 5:	0.00208593  	0.00477303  	0.00374544  
2025-10-11 12:49:35.579: [iter 6 : loss : 7.0165 = 0.6904 + 6.3260 + 0.0000, time: 130.899927]
2025-10-11 12:50:21.784: epoch 6:	0.00109329  	0.00255338  	0.00197500  
2025-10-11 12:52:31.883: [iter 7 : loss : 7.0141 = 0.6875 + 6.3266 + 0.0000, time: 130.021750]
2025-10-11 12:53:21.063: epoch 7:	0.00117118  	0.00273287  	0.00225323  
2025-10-11 12:55:31.104: [iter 8 : loss : 7.0076 = 0.6796 + 6.3280 + 0.0001, time: 129.932176]
2025-10-11 12:56:20.647: epoch 8:	0.00270809  	0.00654897  	0.00523807  
2025-10-11 12:58:30.883: [iter 9 : loss : 6.9861 = 0.6529 + 6.3330 + 0.0001, time: 130.101853]
2025-10-11 12:59:13.684: epoch 9:	0.00508376  	0.01240259  	0.00978250  
2025-10-11 12:59:13.685: Find a better model.
2025-10-11 13:01:24.593: [iter 10 : loss : 6.9280 = 0.5858 + 6.3418 + 0.0004, time: 130.823389]
2025-10-11 13:02:05.433: epoch 10:	0.01078332  	0.02565928  	0.02094639  
2025-10-11 13:02:05.433: Find a better model.
2025-10-11 13:04:16.224: [iter 11 : loss : 6.8210 = 0.4665 + 6.3537 + 0.0009, time: 130.683026]
2025-10-11 13:05:06.291: epoch 11:	0.01601442  	0.03769933  	0.03085360  
2025-10-11 13:05:06.291: Find a better model.
2025-10-11 13:07:19.053: [iter 12 : loss : 6.7034 = 0.3398 + 6.3621 + 0.0015, time: 132.659793]
2025-10-11 13:08:01.759: epoch 12:	0.01867548  	0.04389890  	0.03557754  
2025-10-11 13:08:01.761: Find a better model.
2025-10-11 13:10:14.703: [iter 13 : loss : 6.6102 = 0.2431 + 6.3648 + 0.0023, time: 132.863096]
2025-10-11 13:10:56.672: epoch 13:	0.01945612  	0.04619963  	0.03702187  
2025-10-11 13:10:56.672: Find a better model.
2025-10-11 13:13:07.604: [iter 14 : loss : 6.5438 = 0.1773 + 6.3634 + 0.0030, time: 130.846925]
2025-10-11 13:13:58.169: epoch 14:	0.01972311  	0.04718187  	0.03758503  
2025-10-11 13:13:58.169: Find a better model.
2025-10-11 13:16:09.397: [iter 15 : loss : 6.4980 = 0.1339 + 6.3604 + 0.0037, time: 131.106701]
2025-10-11 13:16:57.030: epoch 15:	0.01983141  	0.04760243  	0.03779694  
2025-10-11 13:16:57.031: Find a better model.
2025-10-11 13:19:06.856: [iter 16 : loss : 6.4657 = 0.1046 + 6.3568 + 0.0043, time: 129.717586]
2025-10-11 13:19:51.708: epoch 16:	0.01978008  	0.04759670  	0.03780746  
2025-10-11 13:22:00.588: [iter 17 : loss : 6.4425 = 0.0840 + 6.3535 + 0.0049, time: 128.778518]
2025-10-11 13:22:42.171: epoch 17:	0.01971259  	0.04744482  	0.03773374  
2025-10-11 13:24:52.438: [iter 18 : loss : 6.4253 = 0.0692 + 6.3506 + 0.0055, time: 130.164994]
2025-10-11 13:25:34.484: epoch 18:	0.01964892  	0.04734922  	0.03758536  
2025-10-11 13:27:44.448: [iter 19 : loss : 6.4126 = 0.0584 + 6.3482 + 0.0060, time: 129.869965]
2025-10-11 13:28:32.478: epoch 19:	0.01955865  	0.04717849  	0.03734071  
2025-10-11 13:30:42.914: [iter 20 : loss : 6.4028 = 0.0502 + 6.3461 + 0.0065, time: 130.352740]
2025-10-11 13:31:30.032: epoch 20:	0.01936960  	0.04680152  	0.03709314  
2025-10-11 13:33:41.536: [iter 21 : loss : 6.3952 = 0.0438 + 6.3444 + 0.0069, time: 131.401753]
2025-10-11 13:34:25.823: epoch 21:	0.01927271  	0.04654811  	0.03689619  
2025-10-11 13:36:36.121: [iter 22 : loss : 6.3893 = 0.0390 + 6.3430 + 0.0073, time: 130.224572]
2025-10-11 13:37:24.116: epoch 22:	0.01910365  	0.04617405  	0.03662980  
2025-10-11 13:39:34.783: [iter 23 : loss : 6.3843 = 0.0349 + 6.3418 + 0.0077, time: 130.581749]
2025-10-11 13:40:20.629: epoch 23:	0.01890325  	0.04557914  	0.03624007  
2025-10-11 13:42:31.597: [iter 24 : loss : 6.3804 = 0.0317 + 6.3406 + 0.0081, time: 130.861020]
2025-10-11 13:43:11.911: epoch 24:	0.01875319  	0.04520188  	0.03592410  
2025-10-11 13:45:22.990: [iter 25 : loss : 6.3771 = 0.0291 + 6.3397 + 0.0084, time: 130.974291]
2025-10-11 13:46:08.542: epoch 25:	0.01870380  	0.04507514  	0.03573953  
2025-10-11 13:46:08.543: Early stopping is trigger at epoch: 25
2025-10-11 13:46:08.543: best_result@epoch 15:

2025-10-11 13:46:08.543: 		0.0198      	0.0476      	0.0378      
