2025-07-16 17:51:29.721: my pid: 542198
2025-07-16 17:51:29.721: model: model.general_recommender.SGL
2025-07-16 17:51:29.721: Dataset statistics:
Name: amazon-book
The number of users: 52643
The number of items: 91599
The number of ratings: 2984108
Average actions of users: 56.69
Average actions of items: 32.58
The sparsity of the dataset: 99.938115%

The number of training: 2380730
The number of validation: 0
The number of testing: 603378
2025-07-16 17:51:29.721: NeuRec:[NeuRec]:
recommender=SGL
dataset=amazon-book
file_column=UI
sep=','
gpu_id=0
gpu_mem=0.99
metric=["Precision", "Recall", "NDCG"]
top_k=[20]
test_thread=8
test_batch_size=128
seed=2021
start_testing_epoch=0

SGL:[hyperparameters]:
aug_type=ED
reg=1e-4
embed_size=64
n_layers=3
ssl_reg=0.5
ssl_ratio=0.1
ssl_temp=0.2
ssl_mode=both_side
lr=0.001
learner=adam
adj_type=pre
epochs=1000
batch_size=2048
num_negatives=1
param_init=xavier_uniform
stddev=0.01
verbose=1
stop_cnt=10
pretrain_flag=0
save_flag=0

Command line:
recommender=SGL
dataset=amazon-book
aug_type=ED
reg=1e-4
n_layers=3
ssl_reg=0.5
ssl_ratio=0.1
ssl_temp=0.2
2025-07-16 17:51:39.688: metrics:	Precision@20	Recall@20   	NDCG@20     
