2025-10-10 12:16:24.310: my pid: 956042
2025-10-10 12:16:24.310: model: model.general_recommender.SGL
2025-10-10 12:16:24.310: Dataset statistics:
Name: amazon-book
The number of users: 52643
The number of items: 91599
The number of ratings: 2984108
Average actions of users: 56.69
Average actions of items: 32.58
The sparsity of the dataset: 99.938115%

The number of training: 2380730
The number of validation: 0
The number of testing: 603378
2025-10-10 12:16:24.310: NeuRec:[NeuRec]:
recommender=SGL
dataset=amazon-book
file_column=UI
sep=','
gpu_id=0
gpu_mem=0.99
metric=["Precision", "Recall", "NDCG"]
top_k=[20]
test_thread=8
test_batch_size=128
seed=2021
start_testing_epoch=0

SGL:[hyperparameters]:
aug_type=ED
reg=1e-4
embed_size=64
n_layers=3
ssl_reg=0.5
ssl_ratio=0.1
ssl_temp=0.2
ssl_mode=both_side
lr=0.001
learner=adam
adj_type=pre
epochs=1000
batch_size=2048
num_negatives=1
param_init=xavier_uniform
stddev=0.01
verbose=1
stop_cnt=10
pretrain_flag=0
save_flag=0

Command line:
recommender=SGL
dataset=amazon-book
aug_type=ED
reg=1e-4
n_layers=3
ssl_reg=0.5
ssl_ratio=0.1
ssl_temp=0.2
2025-10-10 12:16:34.332: metrics:	Precision@20	Recall@20   	NDCG@20     
2025-10-10 12:18:44.449: [iter 1 : loss : 7.0308 = 0.6931 + 6.3377 + 0.0000, time: 130.114745]
2025-10-10 12:19:24.572: epoch 1:	0.00223601  	0.00456287  	0.00384455  
2025-10-10 12:19:24.573: Find a better model.
2025-10-10 12:21:35.740: [iter 2 : loss : 7.0206 = 0.6929 + 6.3278 + 0.0000, time: 131.081209]
2025-10-10 12:22:07.429: epoch 2:	0.00283160  	0.00598252  	0.00493842  
2025-10-10 12:22:07.430: Find a better model.
2025-10-10 12:24:17.971: [iter 3 : loss : 7.0193 = 0.6927 + 6.3267 + 0.0000, time: 130.429276]
2025-10-10 12:24:54.644: epoch 3:	0.00311277  	0.00668771  	0.00545407  
2025-10-10 12:24:54.644: Find a better model.
2025-10-10 12:27:05.180: [iter 4 : loss : 7.0185 = 0.6923 + 6.3262 + 0.0000, time: 130.435523]
2025-10-10 12:27:18.135: epoch 4:	0.00295889  	0.00647983  	0.00512194  
2025-10-10 12:29:28.790: [iter 5 : loss : 7.0176 = 0.6917 + 6.3259 + 0.0000, time: 130.539926]
2025-10-10 12:30:04.185: epoch 5:	0.00208593  	0.00477303  	0.00374600  
2025-10-10 12:32:14.394: [iter 6 : loss : 7.0165 = 0.6904 + 6.3261 + 0.0000, time: 130.098549]
2025-10-10 12:32:28.327: epoch 6:	0.00109234  	0.00255127  	0.00197397  
2025-10-10 12:34:38.343: [iter 7 : loss : 7.0141 = 0.6875 + 6.3266 + 0.0000, time: 129.920754]
2025-10-10 12:34:52.212: epoch 7:	0.00117118  	0.00273287  	0.00225306  
2025-10-10 12:37:02.613: [iter 8 : loss : 7.0076 = 0.6796 + 6.3280 + 0.0001, time: 130.299145]
2025-10-10 12:37:31.702: epoch 8:	0.00270809  	0.00654754  	0.00523750  
2025-10-10 12:39:42.434: [iter 9 : loss : 6.9861 = 0.6529 + 6.3330 + 0.0001, time: 130.623615]
2025-10-10 12:40:16.211: epoch 9:	0.00508376  	0.01240259  	0.00978275  
2025-10-10 12:40:16.212: Find a better model.
2025-10-10 12:42:26.931: [iter 10 : loss : 6.9280 = 0.5858 + 6.3418 + 0.0004, time: 130.616262]
2025-10-10 12:42:54.975: epoch 10:	0.01078617  	0.02566318  	0.02094969  
2025-10-10 12:42:54.976: Find a better model.
2025-10-10 12:45:07.827: [iter 11 : loss : 6.8210 = 0.4665 + 6.3537 + 0.0009, time: 132.743070]
2025-10-10 12:45:38.173: epoch 11:	0.01601157  	0.03769389  	0.03085067  
2025-10-10 12:45:38.173: Find a better model.
2025-10-10 12:47:52.288: [iter 12 : loss : 6.7034 = 0.3398 + 6.3621 + 0.0015, time: 134.004619]
2025-10-10 12:48:22.267: epoch 12:	0.01867073  	0.04388570  	0.03557118  
2025-10-10 12:48:22.268: Find a better model.
2025-10-10 12:50:33.893: [iter 13 : loss : 6.6102 = 0.2431 + 6.3648 + 0.0023, time: 131.524944]
2025-10-10 12:50:59.504: epoch 13:	0.01945897  	0.04620568  	0.03702389  
2025-10-10 12:50:59.504: Find a better model.
2025-10-10 12:53:09.569: [iter 14 : loss : 6.5438 = 0.1773 + 6.3634 + 0.0030, time: 129.984805]
2025-10-10 12:53:41.021: epoch 14:	0.01972692  	0.04718415  	0.03758748  
2025-10-10 12:53:41.022: Find a better model.
2025-10-10 12:55:50.526: [iter 15 : loss : 6.4980 = 0.1339 + 6.3604 + 0.0037, time: 129.403188]
2025-10-10 12:56:24.803: epoch 15:	0.01983046  	0.04760229  	0.03780116  
2025-10-10 12:56:24.804: Find a better model.
2025-10-10 12:58:37.286: [iter 16 : loss : 6.4657 = 0.1046 + 6.3568 + 0.0043, time: 132.363278]
2025-10-10 12:59:11.296: epoch 16:	0.01978103  	0.04760587  	0.03781004  
2025-10-10 12:59:11.297: Find a better model.
2025-10-10 13:01:23.029: [iter 17 : loss : 6.4424 = 0.0840 + 6.3535 + 0.0049, time: 131.613597]
2025-10-10 13:01:36.757: epoch 17:	0.01971449  	0.04745905  	0.03774038  
2025-10-10 13:03:48.076: [iter 18 : loss : 6.4253 = 0.0692 + 6.3506 + 0.0055, time: 131.207152]
2025-10-10 13:04:00.835: epoch 18:	0.01964797  	0.04734658  	0.03758323  
2025-10-10 13:06:12.088: [iter 19 : loss : 6.4126 = 0.0584 + 6.3482 + 0.0060, time: 131.152573]
2025-10-10 13:06:24.692: epoch 19:	0.01955865  	0.04717813  	0.03734216  
2025-10-10 13:08:35.515: [iter 20 : loss : 6.4028 = 0.0502 + 6.3461 + 0.0065, time: 130.745724]
2025-10-10 13:08:48.260: epoch 20:	0.01937245  	0.04680409  	0.03709191  
2025-10-10 13:10:58.002: [iter 21 : loss : 6.3952 = 0.0438 + 6.3444 + 0.0069, time: 129.643310]
2025-10-10 13:11:11.632: epoch 21:	0.01926702  	0.04654197  	0.03689104  
2025-10-10 13:13:23.647: [iter 22 : loss : 6.3893 = 0.0390 + 6.3430 + 0.0073, time: 131.909550]
2025-10-10 13:13:36.874: epoch 22:	0.01910175  	0.04616905  	0.03662640  
2025-10-10 13:15:47.919: [iter 23 : loss : 6.3843 = 0.0349 + 6.3418 + 0.0077, time: 130.954567]
2025-10-10 13:16:24.751: epoch 23:	0.01890135  	0.04557386  	0.03623803  
2025-10-10 13:18:35.666: [iter 24 : loss : 6.3804 = 0.0317 + 6.3407 + 0.0081, time: 130.822153]
2025-10-10 13:18:48.428: epoch 24:	0.01875319  	0.04520068  	0.03592186  
2025-10-10 13:20:59.412: [iter 25 : loss : 6.3771 = 0.0291 + 6.3397 + 0.0084, time: 130.860759]
2025-10-10 13:21:12.225: epoch 25:	0.01869905  	0.04506399  	0.03573712  
2025-10-10 13:23:23.197: [iter 26 : loss : 6.3744 = 0.0267 + 6.3389 + 0.0087, time: 130.856993]
2025-10-10 13:23:36.974: epoch 26:	0.01853000  	0.04465840  	0.03543976  
2025-10-10 13:23:36.975: Early stopping is trigger at epoch: 26
2025-10-10 13:23:36.975: best_result@epoch 16:

2025-10-10 13:23:36.975: 		0.0198      	0.0476      	0.0378      
