2025-10-18 21:52:34.723: my pid: 198756
2025-10-18 21:52:34.723: model: model.general_recommender.SGL
2025-10-18 21:52:34.723: Dataset statistics:
Name: my_book_2class
The number of users: 600
The number of items: 2336
The number of ratings: 13930
Average actions of users: 23.22
Average actions of items: 5.96
The sparsity of the dataset: 99.006136%

The number of training: 13330
The number of validation: 0
The number of testing: 600
2025-10-18 21:52:34.723: NeuRec:[NeuRec]:
recommender=SGL
dataset=my_book_2class
file_column=UI
sep=','
gpu_id=0
gpu_mem=0.99
metric=["Precision", "Recall", "NDCG"]
top_k=[20]
test_thread=8
test_batch_size=128
seed=2021
start_testing_epoch=0

SGL:[hyperparameters]:
aug_type=ED
reg=1e-4
embed_size=64
n_layers=3
ssl_reg=0.5
ssl_ratio=0.1
ssl_temp=0.2
ssl_mode=both_side
lr=0.001
learner=adam
adj_type=pre
epochs=1000
batch_size=2048
num_negatives=1
param_init=xavier_uniform
stddev=0.01
verbose=1
stop_cnt=10
pretrain_flag=0
save_flag=0

Command line:
recommender=SGL
dataset=my_book_2class
aug_type=ED
reg=1e-4
n_layers=3
ssl_reg=0.5
ssl_ratio=0.1
ssl_temp=0.2
2025-10-18 21:52:36.436: metrics:	Precision@20	Recall@20   	NDCG@20     
2025-10-18 21:52:37.537: [iter 1 : loss : 3.1345 = 0.6924 + 2.4421 + 0.0000, time: 1.099382]
2025-10-18 21:52:37.566: epoch 1:	0.00058333  	0.01166667  	0.00393412  
2025-10-18 21:52:37.566: Find a better model.
2025-10-18 21:52:37.832: [iter 2 : loss : 3.0928 = 0.6923 + 2.4005 + 0.0000, time: 0.264683]
2025-10-18 21:52:37.859: epoch 2:	0.00166667  	0.03333334  	0.01126767  
2025-10-18 21:52:37.860: Find a better model.
2025-10-18 21:52:38.120: [iter 3 : loss : 3.0507 = 0.6923 + 2.3584 + 0.0000, time: 0.259246]
2025-10-18 21:52:38.146: epoch 3:	0.00225000  	0.04500000  	0.01924474  
2025-10-18 21:52:38.147: Find a better model.
2025-10-18 21:52:38.409: [iter 4 : loss : 3.0163 = 0.6922 + 2.3241 + 0.0000, time: 0.261796]
2025-10-18 21:52:38.436: epoch 4:	0.00241667  	0.04833333  	0.01947138  
2025-10-18 21:52:38.436: Find a better model.
2025-10-18 21:52:38.698: [iter 5 : loss : 2.9932 = 0.6922 + 2.3010 + 0.0000, time: 0.261009]
2025-10-18 21:52:38.723: epoch 5:	0.00241667  	0.04833333  	0.01751690  
2025-10-18 21:52:39.004: [iter 6 : loss : 2.9826 = 0.6922 + 2.2904 + 0.0000, time: 0.279887]
2025-10-18 21:52:39.031: epoch 6:	0.00233333  	0.04666667  	0.01606331  
2025-10-18 21:52:39.311: [iter 7 : loss : 2.9752 = 0.6922 + 2.2830 + 0.0000, time: 0.279200]
2025-10-18 21:52:39.338: epoch 7:	0.00233333  	0.04666667  	0.01625641  
2025-10-18 21:52:39.596: [iter 8 : loss : 2.9689 = 0.6922 + 2.2767 + 0.0000, time: 0.257500]
2025-10-18 21:52:39.629: epoch 8:	0.00241667  	0.04833333  	0.01644026  
2025-10-18 21:52:39.907: [iter 9 : loss : 2.9640 = 0.6921 + 2.2718 + 0.0000, time: 0.276986]
2025-10-18 21:52:39.933: epoch 9:	0.00266667  	0.05333333  	0.01854876  
2025-10-18 21:52:39.934: Find a better model.
2025-10-18 21:52:40.298: [iter 10 : loss : 2.9601 = 0.6921 + 2.2679 + 0.0000, time: 0.363932]
2025-10-18 21:52:40.325: epoch 10:	0.00241667  	0.04833333  	0.01732872  
2025-10-18 21:52:40.608: [iter 11 : loss : 2.9553 = 0.6921 + 2.2632 + 0.0000, time: 0.282387]
2025-10-18 21:52:40.635: epoch 11:	0.00233333  	0.04666667  	0.01731728  
2025-10-18 21:52:40.919: [iter 12 : loss : 2.9515 = 0.6921 + 2.2594 + 0.0000, time: 0.282879]
2025-10-18 21:52:40.946: epoch 12:	0.00216667  	0.04333333  	0.01619675  
2025-10-18 21:52:41.226: [iter 13 : loss : 2.9564 = 0.6920 + 2.2643 + 0.0000, time: 0.278658]
2025-10-18 21:52:41.252: epoch 13:	0.00216667  	0.04333333  	0.01734146  
2025-10-18 21:52:41.537: [iter 14 : loss : 2.9482 = 0.6920 + 2.2561 + 0.0000, time: 0.283527]
2025-10-18 21:52:41.565: epoch 14:	0.00208333  	0.04166667  	0.01745626  
2025-10-18 21:52:41.846: [iter 15 : loss : 2.9466 = 0.6920 + 2.2545 + 0.0000, time: 0.278965]
2025-10-18 21:52:41.873: epoch 15:	0.00200000  	0.04000000  	0.01703887  
2025-10-18 21:52:42.153: [iter 16 : loss : 2.9456 = 0.6920 + 2.2536 + 0.0000, time: 0.278769]
2025-10-18 21:52:42.179: epoch 16:	0.00208333  	0.04166667  	0.01758169  
2025-10-18 21:52:42.461: [iter 17 : loss : 2.9419 = 0.6920 + 2.2499 + 0.0000, time: 0.280494]
2025-10-18 21:52:42.490: epoch 17:	0.00208333  	0.04166667  	0.01743674  
2025-10-18 21:52:42.778: [iter 18 : loss : 2.9395 = 0.6920 + 2.2475 + 0.0000, time: 0.286756]
2025-10-18 21:52:42.805: epoch 18:	0.00225000  	0.04500000  	0.01834652  
2025-10-18 21:52:43.088: [iter 19 : loss : 2.9443 = 0.6920 + 2.2524 + 0.0000, time: 0.281548]
2025-10-18 21:52:43.117: epoch 19:	0.00225000  	0.04500000  	0.01897053  
2025-10-18 21:52:43.117: Early stopping is trigger at epoch: 19
2025-10-18 21:52:43.117: best_result@epoch 9:

2025-10-18 21:52:43.118: 		0.0027      	0.0533      	0.0185      
